PRF:: syscall in 401023 returned with -38
PRF:: syscall in 40103a returned with -38
PRF:: syscall in 401023 returned with -38
PRF:: syscall in 40103a returned with -38
PRF:: syscall in 401023 returned with -38
PRF:: syscall in 40103a returned with -38
PRF:: syscall in 401023 returned with -38
PRF:: syscall in 40103a returned with -38
PRF:: syscall in 401023 returned with -38
PRF:: syscall in 40103a returned with -38
