PRF:: syscall in 400096 returned with -14
PRF:: syscall in 400096 returned with -14
PRF:: syscall in 400096 returned with -14
PRF:: syscall in 400096 returned with -14
PRF:: syscall in 400096 returned with -14
