PRF:: syscall in 40008d returned with -14
PRF:: syscall in 40008d returned with -14
