PRF:: syscall in 4000ba returned with -14
PRF:: syscall in 4000a9 returned with -14
